============================= test session starts ==============================
platform darwin -- Python 3.12.13, pytest-9.1.1, pluggy-1.6.0 -- /Users/hyunjun/nipo-gjc/.venv/bin/python3
cachedir: .pytest_cache
rootdir: /Users/hyunjun/nipo-gjc
configfile: pyproject.toml
plugins: anyio-4.14.1
collecting ... collected 20 items

apps/local/tests/test_input_api.py::test_load_probe_via_staging_round_trip_matches_path_loader PASSED [  5%]
apps/local/tests/test_input_api.py::test_missing_units_refuses_with_science_issue_code PASSED [ 10%]
apps/local/tests/test_input_api.py::test_missing_calibration_refuses_with_science_issue_code PASSED [ 15%]
apps/local/tests/test_input_api.py::test_malformed_csv_refuses_before_any_store_write PASSED [ 20%]
apps/local/tests/test_input_api.py::test_multipart_probe_upload_returns_scientific_input_and_creates_no_artifact PASSED [ 25%]
apps/local/tests/test_input_api.py::test_probe_upload_over_body_cap_is_413_payload_too_large PASSED [ 30%]
apps/local/tests/test_input_api.py::test_oversized_decoded_payload_refused_before_allocation PASSED [ 35%]
apps/local/tests/test_input_api.py::test_invalid_base64_is_refused PASSED [ 40%]
apps/local/tests/test_input_api.py::test_unsafe_filename_is_refused PASSED [ 45%]
apps/local/tests/test_input_api.py::test_kind_manifest_mismatch_is_refused PASSED [ 50%]
apps/local/tests/test_input_api.py::test_probe_upload_error_body_never_echoes_path_or_bytes PASSED [ 55%]
apps/local/tests/test_input_api.py::test_image_over_product_pixel_cap_is_refused_with_closed_reason PASSED [ 60%]
apps/local/tests/test_input_api.py::test_spectrum_over_product_point_cap_is_refused PASSED [ 65%]
apps/local/tests/test_input_api.py::test_upload_caps_are_strictly_below_loader_module_caps PASSED [ 70%]
apps/local/tests/test_input_api.py::test_run_start_with_uploaded_probe_json_completes_chain_outputs PASSED [ 75%]
apps/local/tests/test_input_api.py::test_run_start_body_accepts_worst_case_uploaded_probe_json PASSED [ 80%]
apps/local/tests/test_input_api.py::test_run_start_revalidates_probe_and_refuses_tampered_document PASSED [ 85%]
apps/local/tests/test_input_api.py::test_archived_project_refuses_probe_upload PASSED [ 90%]
apps/local/tests/test_input_api.py::test_unknown_project_probe_upload_is_not_found PASSED [ 95%]
apps/local/tests/test_input_api.py::test_http_file_to_intent_to_approve_to_run_to_review_to_export PASSED [100%]

============================== 20 passed in 2.23s ==============================
