============================= test session starts ==============================
platform darwin -- Python 3.12.13, pytest-9.1.1, pluggy-1.6.0 -- /Users/hyunjun/Documents/MUNI/science-workbench/.venv/bin/python3
cachedir: .pytest_cache
rootdir: /Users/hyunjun/Documents/MUNI/science-workbench
configfile: pyproject.toml
plugins: anyio-4.14.1
collecting ... collected 260 items

packages/contracts/python/tests/test_protocol_red.py::test_protocol_contracts_exist_when_runtime_boundary_is_required PASSED [  0%]
packages/contracts/python/tests/test_protocol_security_red.py::test_security_review_requires_bound_cas_and_lease_fields PASSED [  0%]
packages/contracts/python/tests/test_protocol_security_red.py::test_security_review_rejects_cross_run_fixture PASSED [  1%]
packages/contracts/python/tests/test_protocol_security_red.py::test_security_review_rejects_nested_forbidden_event_key[cost] PASSED [  1%]
packages/contracts/python/tests/test_protocol_security_red.py::test_security_review_rejects_nested_forbidden_event_key[estimatedCostUsd] PASSED [  1%]
packages/contracts/python/tests/test_protocol_security_red.py::test_security_review_rejects_nested_forbidden_event_key[cost"marker] PASSED [  2%]
packages/contracts/python/tests/test_protocol_security_red.py::test_security_review_rejects_nested_forbidden_event_key[fallback_provider_connection_id] PASSED [  2%]
packages/contracts/python/tests/test_protocol_security_red.py::test_security_review_rejects_nested_forbidden_event_key[providerFallback] PASSED [  3%]
packages/contracts/python/tests/test_protocol_security_red.py::test_security_review_rejects_nested_forbidden_event_key[provider"fallback] PASSED [  3%]
packages/contracts/python/tests/test_protocol_security_red.py::test_security_review_rejects_nested_forbidden_event_key[fallback"provider] PASSED [  3%]
packages/contracts/python/tests/test_protocol_security_red.py::test_security_review_rejects_nested_forbidden_event_key[Authorization] PASSED [  4%]
packages/contracts/python/tests/test_protocol_security_red.py::test_security_review_rejects_nested_forbidden_event_key[proxy-authorization] PASSED [  4%]
packages/contracts/python/tests/test_protocol_security_red.py::test_security_review_rejects_nested_forbidden_event_key[access_token] PASSED [  5%]
packages/contracts/python/tests/test_protocol_security_red.py::test_security_review_rejects_nested_forbidden_event_key[refresh.token] PASSED [  5%]
packages/contracts/python/tests/test_protocol_security_red.py::test_security_review_rejects_nested_forbidden_event_key[api-key] PASSED [  5%]
packages/contracts/python/tests/test_protocol_security_red.py::test_security_review_rejects_nested_forbidden_event_key[X API KEY] PASSED [  6%]
packages/contracts/python/tests/test_protocol_security_red.py::test_security_review_rejects_nested_forbidden_event_key[cookie] PASSED [  6%]
packages/contracts/python/tests/test_protocol_security_red.py::test_security_review_rejects_nested_forbidden_event_key[Set_Cookie] PASSED [  6%]
packages/contracts/python/tests/test_protocol_security_red.py::test_security_review_rejects_nested_forbidden_event_key[client.secret] PASSED [  7%]
packages/contracts/python/tests/test_protocol_security_red.py::test_security_review_rejects_nested_forbidden_event_key[bearer-token] PASSED [  7%]
packages/contracts/python/tests/test_protocol_security_red.py::test_security_review_rejects_nested_forbidden_event_key[service_token] PASSED [  8%]
packages/contracts/python/tests/test_protocol_security_red.py::test_security_review_rejects_nested_forbidden_event_key[db-credentials] PASSED [  8%]
packages/contracts/python/tests/test_protocol_security_red.py::test_security_review_rejects_nested_forbidden_event_key[password] PASSED [  8%]
packages/contracts/python/tests/test_protocol_security_red.py::test_security_review_rejects_nested_forbidden_event_key[db-password] PASSED [  9%]
packages/contracts/python/tests/test_protocol_security_red.py::test_security_review_rejects_nested_forbidden_event_key[PASSWD] PASSED [  9%]
packages/contracts/python/tests/test_protocol_security_red.py::test_security_review_rejects_nested_forbidden_event_key[user.passwd] PASSED [ 10%]
packages/contracts/python/tests/test_protocol_security_red.py::test_security_review_rejects_nested_forbidden_event_key[secret] PASSED [ 10%]
packages/contracts/python/tests/test_protocol_security_red.py::test_security_review_rejects_nested_forbidden_event_key[build-secret] PASSED [ 10%]
packages/contracts/python/tests/test_protocol_security_red.py::test_security_review_rejects_nested_forbidden_event_key[private_key] PASSED [ 11%]
packages/contracts/python/tests/test_protocol_security_red.py::test_security_review_rejects_nested_forbidden_event_key[signing.private-key] PASSED [ 11%]
packages/contracts/python/tests/test_protocol_security_red.py::test_security_review_rejects_nested_forbidden_event_key[client_password] PASSED [ 11%]
packages/contracts/python/tests/test_protocol_security_red.py::test_security_review_rejects_nested_forbidden_event_key[ssh-private-key] PASSED [ 12%]
packages/contracts/python/tests/test_protocol_security_red.py::test_security_review_rejects_nested_forbidden_event_key[password.value] PASSED [ 12%]
packages/contracts/python/tests/test_protocol_security_red.py::test_security_review_rejects_nested_forbidden_event_key[secret.value] PASSED [ 13%]
packages/contracts/python/tests/test_protocol_security_red.py::test_security_review_rejects_nested_forbidden_event_key[private_key_pem] PASSED [ 13%]
packages/contracts/python/tests/test_protocol_security_red.py::test_security_review_rejects_nested_forbidden_event_key[passwordless_secret] PASSED [ 13%]
packages/contracts/python/tests/test_protocol_security_red.py::test_security_review_rejects_nested_forbidden_event_key[secretory_password] PASSED [ 14%]
packages/contracts/python/tests/test_protocol_security_red.py::test_security_review_rejects_nested_forbidden_event_key[\uff43\uff4f\uff53\uff54] PASSED [ 14%]
packages/contracts/python/tests/test_protocol_security_red.py::test_security_review_rejects_nested_forbidden_event_key[\uff50\uff52\uff4f\uff56\uff49\uff44\uff45\uff52\uff3f\uff46\uff41\uff4c\uff4c\uff42\uff41\uff43\uff4b] PASSED [ 15%]
packages/contracts/python/tests/test_protocol_security_red.py::test_security_review_rejects_nested_forbidden_event_key[\uff50\uff41\uff53\uff53\uff57\uff4f\uff52\uff44] PASSED [ 15%]
packages/contracts/python/tests/test_protocol_security_red.py::test_security_review_rejects_nested_forbidden_event_key[\uff41\uff50\uff49\uff3f\uff4b\uff45\uff59] PASSED [ 15%]
packages/contracts/python/tests/test_protocol_security_red.py::test_security_review_allows_benign_scientific_event_key[tokenization_method] PASSED [ 16%]
packages/contracts/python/tests/test_protocol_security_red.py::test_security_review_allows_benign_scientific_event_key[secretory_pathway] PASSED [ 16%]
packages/contracts/python/tests/test_protocol_security_red.py::test_security_review_allows_benign_scientific_event_key[secretome_score] PASSED [ 16%]
packages/contracts/python/tests/test_protocol_security_red.py::test_security_review_allows_benign_scientific_event_key[passwordless_method] PASSED [ 17%]
packages/contracts/python/tests/test_protocol_security_red.py::test_security_review_allows_benign_scientific_event_key[\uff53\uff45\uff43\uff52\uff45\uff54\uff4f\uff52\uff59\uff3f\uff50\uff41\uff54\uff48\uff57\uff41\uff59] PASSED [ 17%]
packages/contracts/python/tests/test_protocol_security_red.py::test_security_review_allows_benign_scientific_event_key[\ub2e8\ubc31\uc9c8_\ub18d\ub3c4] PASSED [ 18%]
packages/contracts/python/tests/test_protocol_security_red.py::test_security_review_allows_benign_scientific_event_key[refresh_rate] PASSED [ 18%]
packages/contracts/python/tests/test_protocol_security_red.py::test_security_review_rejects_nested_secret_shaped_value[Bearer xxxxxxxxxxxxxxxxxxxxxxxx] PASSED [ 18%]
packages/contracts/python/tests/test_protocol_security_red.py::test_security_review_rejects_nested_secret_shaped_value[Authorization: Basic [REDACTED] PASSED [ 19%]
packages/contracts/python/tests/test_protocol_security_red.py::test_security_review_rejects_nested_secret_shaped_value[client_secret=[REDACTED] PASSED [ 19%]
packages/contracts/python/tests/test_protocol_security_red.py::test_security_review_rejects_nested_secret_shaped_value[api-key: [REDACTED] PASSED [ 20%]
packages/contracts/python/tests/test_protocol_security_red.py::test_security_review_rejects_nested_secret_shaped_value[sk-xxxxxxxxxxxxxxxxxxxxxxxx] PASSED [ 20%]
packages/contracts/python/tests/test_protocol_security_red.py::test_security_review_rejects_nested_secret_shaped_value[ghp_xxxxxxxxxxxxxxxxxxxxxxxx] PASSED [ 20%]
packages/contracts/python/tests/test_protocol_security_red.py::test_security_review_rejects_nested_secret_shaped_value[AKIAAAAAAAAAAAAAAAAA] PASSED [ 21%]
packages/contracts/python/tests/test_protocol_security_red.py::test_security_review_rejects_nested_secret_shaped_value[-----BEGIN PRIVATE KEY-----] PASSED [ 21%]
packages/contracts/python/tests/test_protocol_security_red.py::test_security_review_rejects_nested_secret_shaped_value[\uff22\uff45\uff41\uff52\uff45\uff52 xxxxxxxxxxxxxxxxxxxxxxxx] PASSED [ 21%]
packages/contracts/python/tests/test_protocol_security_red.py::test_security_review_allows_benign_secret_like_value[Ordinary scientific prose about secretory pathways.] PASSED [ 22%]
packages/contracts/python/tests/test_protocol_security_red.py::test_security_review_allows_benign_secret_like_value[Bearer <redacted>] PASSED [ 22%]
packages/contracts/python/tests/test_protocol_security_red.py::test_security_review_allows_benign_secret_like_value[client_secret=[REDACTED] PASSED [ 23%]
packages/contracts/python/tests/test_protocol_security_red.py::test_security_review_allows_benign_secret_like_value[sk-short] PASSED [ 23%]
packages/contracts/python/tests/test_protocol_security_red.py::test_security_review_allows_benign_secret_like_value[https://example.test/sk-xxxxxxxxxxxxxxxxxxxxxxxx] PASSED [ 23%]
packages/contracts/python/tests/test_protocol_security_red.py::test_security_review_allows_benign_secret_like_value[aaaaaaaaaaaaaaaaaaaaaaaaaaaaaaaaaaaaaaaaaaaaaaaaaaaaaaaaaaaaaaaa] PASSED [ 24%]
packages/contracts/python/tests/test_protocol_security_red.py::test_security_review_allows_benign_secret_like_value[018f47a0-7b9c-7abe-8def-0123456789ab] PASSED [ 24%]
packages/contracts/python/tests/test_protocol_security_red.py::test_security_review_allows_benign_secret_like_value[error: invalid sk-xxxxxxxxxxxxxxxxxxxxxxxx] PASSED [ 25%]
packages/contracts/python/tests/test_protocol_security_red.py::test_strict_wire_defaults_and_review_finding_event_are_aligned PASSED [ 25%]
packages/contracts/python/tests/test_protocol_security_red.py::test_runtime_continuation_rejects_cross_execution_and_fixture_org PASSED [ 25%]
packages/contracts/python/tests/test_protocol_security_red.py::test_runtime_continuation_rejects_foreign_context[org_id] PASSED [ 26%]
packages/contracts/python/tests/test_protocol_security_red.py::test_runtime_continuation_rejects_foreign_context[run_id] PASSED [ 26%]
packages/contracts/python/tests/test_protocol_security_red.py::test_runtime_continuation_rejects_foreign_context[message_id] PASSED [ 26%]
packages/contracts/python/tests/test_protocol_security_red.py::test_runtime_continuation_rejects_foreign_context[action_id] PASSED [ 27%]
packages/contracts/python/tests/test_protocol_security_red.py::test_fixture_rejects_text_delta_for_unknown_message PASSED [ 27%]
packages/contracts/python/tests/test_run_execution_protocol.py::test_run_transition_matrix_is_exhaustive[queued-queued] PASSED [ 28%]
packages/contracts/python/tests/test_run_execution_protocol.py::test_run_transition_matrix_is_exhaustive[queued-running] PASSED [ 28%]
packages/contracts/python/tests/test_run_execution_protocol.py::test_run_transition_matrix_is_exhaustive[queued-awaiting_user] PASSED [ 28%]
packages/contracts/python/tests/test_run_execution_protocol.py::test_run_transition_matrix_is_exhaustive[queued-awaiting_approval] PASSED [ 29%]
packages/contracts/python/tests/test_run_execution_protocol.py::test_run_transition_matrix_is_exhaustive[queued-completed] PASSED [ 29%]
packages/contracts/python/tests/test_run_execution_protocol.py::test_run_transition_matrix_is_exhaustive[queued-failed] PASSED [ 30%]
packages/contracts/python/tests/test_run_execution_protocol.py::test_run_transition_matrix_is_exhaustive[queued-cancelled] PASSED [ 30%]
packages/contracts/python/tests/test_run_execution_protocol.py::test_run_transition_matrix_is_exhaustive[running-queued] PASSED [ 30%]
packages/contracts/python/tests/test_run_execution_protocol.py::test_run_transition_matrix_is_exhaustive[running-running] PASSED [ 31%]
packages/contracts/python/tests/test_run_execution_protocol.py::test_run_transition_matrix_is_exhaustive[running-awaiting_user] PASSED [ 31%]
packages/contracts/python/tests/test_run_execution_protocol.py::test_run_transition_matrix_is_exhaustive[running-awaiting_approval] PASSED [ 31%]
packages/contracts/python/tests/test_run_execution_protocol.py::test_run_transition_matrix_is_exhaustive[running-completed] PASSED [ 32%]
packages/contracts/python/tests/test_run_execution_protocol.py::test_run_transition_matrix_is_exhaustive[running-failed] PASSED [ 32%]
packages/contracts/python/tests/test_run_execution_protocol.py::test_run_transition_matrix_is_exhaustive[running-cancelled] PASSED [ 33%]
packages/contracts/python/tests/test_run_execution_protocol.py::test_run_transition_matrix_is_exhaustive[awaiting_user-queued] PASSED [ 33%]
packages/contracts/python/tests/test_run_execution_protocol.py::test_run_transition_matrix_is_exhaustive[awaiting_user-running] PASSED [ 33%]
packages/contracts/python/tests/test_run_execution_protocol.py::test_run_transition_matrix_is_exhaustive[awaiting_user-awaiting_user] PASSED [ 34%]
packages/contracts/python/tests/test_run_execution_protocol.py::test_run_transition_matrix_is_exhaustive[awaiting_user-awaiting_approval] PASSED [ 34%]
packages/contracts/python/tests/test_run_execution_protocol.py::test_run_transition_matrix_is_exhaustive[awaiting_user-completed] PASSED [ 35%]
packages/contracts/python/tests/test_run_execution_protocol.py::test_run_transition_matrix_is_exhaustive[awaiting_user-failed] PASSED [ 35%]
packages/contracts/python/tests/test_run_execution_protocol.py::test_run_transition_matrix_is_exhaustive[awaiting_user-cancelled] PASSED [ 35%]
packages/contracts/python/tests/test_run_execution_protocol.py::test_run_transition_matrix_is_exhaustive[awaiting_approval-queued] PASSED [ 36%]
packages/contracts/python/tests/test_run_execution_protocol.py::test_run_transition_matrix_is_exhaustive[awaiting_approval-running] PASSED [ 36%]
packages/contracts/python/tests/test_run_execution_protocol.py::test_run_transition_matrix_is_exhaustive[awaiting_approval-awaiting_user] PASSED [ 36%]
packages/contracts/python/tests/test_run_execution_protocol.py::test_run_transition_matrix_is_exhaustive[awaiting_approval-awaiting_approval] PASSED [ 37%]
packages/contracts/python/tests/test_run_execution_protocol.py::test_run_transition_matrix_is_exhaustive[awaiting_approval-completed] PASSED [ 37%]
packages/contracts/python/tests/test_run_execution_protocol.py::test_run_transition_matrix_is_exhaustive[awaiting_approval-failed] PASSED [ 38%]
packages/contracts/python/tests/test_run_execution_protocol.py::test_run_transition_matrix_is_exhaustive[awaiting_approval-cancelled] PASSED [ 38%]
packages/contracts/python/tests/test_run_execution_protocol.py::test_run_transition_matrix_is_exhaustive[completed-queued] PASSED [ 38%]
packages/contracts/python/tests/test_run_execution_protocol.py::test_run_transition_matrix_is_exhaustive[completed-running] PASSED [ 39%]
packages/contracts/python/tests/test_run_execution_protocol.py::test_run_transition_matrix_is_exhaustive[completed-awaiting_user] PASSED [ 39%]
packages/contracts/python/tests/test_run_execution_protocol.py::test_run_transition_matrix_is_exhaustive[completed-awaiting_approval] PASSED [ 40%]
packages/contracts/python/tests/test_run_execution_protocol.py::test_run_transition_matrix_is_exhaustive[completed-completed] PASSED [ 40%]
packages/contracts/python/tests/test_run_execution_protocol.py::test_run_transition_matrix_is_exhaustive[completed-failed] PASSED [ 40%]
packages/contracts/python/tests/test_run_execution_protocol.py::test_run_transition_matrix_is_exhaustive[completed-cancelled] PASSED [ 41%]
packages/contracts/python/tests/test_run_execution_protocol.py::test_run_transition_matrix_is_exhaustive[failed-queued] PASSED [ 41%]
packages/contracts/python/tests/test_run_execution_protocol.py::test_run_transition_matrix_is_exhaustive[failed-running] PASSED [ 41%]
packages/contracts/python/tests/test_run_execution_protocol.py::test_run_transition_matrix_is_exhaustive[failed-awaiting_user] PASSED [ 42%]
packages/contracts/python/tests/test_run_execution_protocol.py::test_run_transition_matrix_is_exhaustive[failed-awaiting_approval] PASSED [ 42%]
packages/contracts/python/tests/test_run_execution_protocol.py::test_run_transition_matrix_is_exhaustive[failed-completed] PASSED [ 43%]
packages/contracts/python/tests/test_run_execution_protocol.py::test_run_transition_matrix_is_exhaustive[failed-failed] PASSED [ 43%]
packages/contracts/python/tests/test_run_execution_protocol.py::test_run_transition_matrix_is_exhaustive[failed-cancelled] PASSED [ 43%]
packages/contracts/python/tests/test_run_execution_protocol.py::test_run_transition_matrix_is_exhaustive[cancelled-queued] PASSED [ 44%]
packages/contracts/python/tests/test_run_execution_protocol.py::test_run_transition_matrix_is_exhaustive[cancelled-running] PASSED [ 44%]
packages/contracts/python/tests/test_run_execution_protocol.py::test_run_transition_matrix_is_exhaustive[cancelled-awaiting_user] PASSED [ 45%]
packages/contracts/python/tests/test_run_execution_protocol.py::test_run_transition_matrix_is_exhaustive[cancelled-awaiting_approval] PASSED [ 45%]
packages/contracts/python/tests/test_run_execution_protocol.py::test_run_transition_matrix_is_exhaustive[cancelled-completed] PASSED [ 45%]
packages/contracts/python/tests/test_run_execution_protocol.py::test_run_transition_matrix_is_exhaustive[cancelled-failed] PASSED [ 46%]
packages/contracts/python/tests/test_run_execution_protocol.py::test_run_transition_matrix_is_exhaustive[cancelled-cancelled] PASSED [ 46%]
packages/contracts/python/tests/test_run_execution_protocol.py::test_execution_transition_matrix_is_exhaustive[queued-queued] PASSED [ 46%]
packages/contracts/python/tests/test_run_execution_protocol.py::test_execution_transition_matrix_is_exhaustive[queued-running] PASSED [ 47%]
packages/contracts/python/tests/test_run_execution_protocol.py::test_execution_transition_matrix_is_exhaustive[queued-completed] PASSED [ 47%]
packages/contracts/python/tests/test_run_execution_protocol.py::test_execution_transition_matrix_is_exhaustive[queued-failed] PASSED [ 48%]
packages/contracts/python/tests/test_run_execution_protocol.py::test_execution_transition_matrix_is_exhaustive[queued-cancelled] PASSED [ 48%]
packages/contracts/python/tests/test_run_execution_protocol.py::test_execution_transition_matrix_is_exhaustive[running-queued] PASSED [ 48%]
packages/contracts/python/tests/test_run_execution_protocol.py::test_execution_transition_matrix_is_exhaustive[running-running] PASSED [ 49%]
packages/contracts/python/tests/test_run_execution_protocol.py::test_execution_transition_matrix_is_exhaustive[running-completed] PASSED [ 49%]
packages/contracts/python/tests/test_run_execution_protocol.py::test_execution_transition_matrix_is_exhaustive[running-failed] PASSED [ 50%]
packages/contracts/python/tests/test_run_execution_protocol.py::test_execution_transition_matrix_is_exhaustive[running-cancelled] PASSED [ 50%]
packages/contracts/python/tests/test_run_execution_protocol.py::test_execution_transition_matrix_is_exhaustive[completed-queued] PASSED [ 50%]
packages/contracts/python/tests/test_run_execution_protocol.py::test_execution_transition_matrix_is_exhaustive[completed-running] PASSED [ 51%]
packages/contracts/python/tests/test_run_execution_protocol.py::test_execution_transition_matrix_is_exhaustive[completed-completed] PASSED [ 51%]
packages/contracts/python/tests/test_run_execution_protocol.py::test_execution_transition_matrix_is_exhaustive[completed-failed] PASSED [ 51%]
packages/contracts/python/tests/test_run_execution_protocol.py::test_execution_transition_matrix_is_exhaustive[completed-cancelled] PASSED [ 52%]
packages/contracts/python/tests/test_run_execution_protocol.py::test_execution_transition_matrix_is_exhaustive[failed-queued] PASSED [ 52%]
packages/contracts/python/tests/test_run_execution_protocol.py::test_execution_transition_matrix_is_exhaustive[failed-running] PASSED [ 53%]
packages/contracts/python/tests/test_run_execution_protocol.py::test_execution_transition_matrix_is_exhaustive[failed-completed] PASSED [ 53%]
packages/contracts/python/tests/test_run_execution_protocol.py::test_execution_transition_matrix_is_exhaustive[failed-failed] PASSED [ 53%]
packages/contracts/python/tests/test_run_execution_protocol.py::test_execution_transition_matrix_is_exhaustive[failed-cancelled] PASSED [ 54%]
packages/contracts/python/tests/test_run_execution_protocol.py::test_execution_transition_matrix_is_exhaustive[cancelled-queued] PASSED [ 54%]
packages/contracts/python/tests/test_run_execution_protocol.py::test_execution_transition_matrix_is_exhaustive[cancelled-running] PASSED [ 55%]
packages/contracts/python/tests/test_run_execution_protocol.py::test_execution_transition_matrix_is_exhaustive[cancelled-completed] PASSED [ 55%]
packages/contracts/python/tests/test_run_execution_protocol.py::test_execution_transition_matrix_is_exhaustive[cancelled-failed] PASSED [ 55%]
packages/contracts/python/tests/test_run_execution_protocol.py::test_execution_transition_matrix_is_exhaustive[cancelled-cancelled] PASSED [ 56%]
packages/contracts/python/tests/test_run_execution_protocol.py::test_cancel_is_idempotent_when_repeated PASSED [ 56%]
packages/contracts/python/tests/test_run_execution_protocol.py::test_retry_creates_new_run_without_replaying_executions PASSED [ 56%]
packages/contracts/python/tests/test_run_execution_protocol.py::test_retry_rejects_non_terminal_runs[queued] PASSED [ 57%]
packages/contracts/python/tests/test_run_execution_protocol.py::test_retry_rejects_non_terminal_runs[running] PASSED [ 57%]
packages/contracts/python/tests/test_run_execution_protocol.py::test_run_aggregate_rejects_malformed_event_history[foreign_run] PASSED [ 58%]
packages/contracts/python/tests/test_run_execution_protocol.py::test_run_aggregate_rejects_malformed_event_history[sequence_gap] PASSED [ 58%]
packages/contracts/python/tests/test_run_execution_protocol.py::test_run_aggregate_rejects_malformed_event_history[time_reversal] PASSED [ 58%]
packages/contracts/python/tests/test_run_execution_protocol.py::test_transition_revalidates_an_unsafe_run_aggregate PASSED [ 59%]
packages/contracts/python/tests/test_run_execution_protocol.py::test_completed_execution_requires_result_but_failed_may_omit_it PASSED [ 59%]
packages/contracts/python/tests/test_run_execution_protocol.py::test_completion_command_rejects_missing_completed_result PASSED [ 60%]
packages/contracts/python/tests/test_run_execution_protocol.py::test_failed_completion_may_omit_result PASSED [ 60%]
packages/contracts/python/tests/test_run_execution_protocol.py::test_heartbeat_uses_fifteen_second_cadence_and_forty_five_second_lease PASSED [ 60%]
packages/contracts/python/tests/test_run_execution_protocol.py::test_stale_attempt_token_cannot_complete_execution PASSED [ 61%]
packages/contracts/python/tests/test_run_execution_protocol.py::test_expired_matching_lease_cannot_complete_and_queued_cannot_lease PASSED [ 61%]
packages/contracts/python/tests/test_approval_protocol.py::test_approval_transition_matrix_is_exhaustive[pending-pending] PASSED [ 61%]
packages/contracts/python/tests/test_approval_protocol.py::test_approval_transition_matrix_is_exhaustive[pending-approved] PASSED [ 62%]
packages/contracts/python/tests/test_approval_protocol.py::test_approval_transition_matrix_is_exhaustive[pending-rejected] PASSED [ 62%]
packages/contracts/python/tests/test_approval_protocol.py::test_approval_transition_matrix_is_exhaustive[pending-expired] PASSED [ 63%]
packages/contracts/python/tests/test_approval_protocol.py::test_approval_transition_matrix_is_exhaustive[pending-consumed] PASSED [ 63%]
packages/contracts/python/tests/test_approval_protocol.py::test_approval_transition_matrix_is_exhaustive[approved-pending] PASSED [ 63%]
packages/contracts/python/tests/test_approval_protocol.py::test_approval_transition_matrix_is_exhaustive[approved-approved] PASSED [ 64%]
packages/contracts/python/tests/test_approval_protocol.py::test_approval_transition_matrix_is_exhaustive[approved-rejected] PASSED [ 64%]
packages/contracts/python/tests/test_approval_protocol.py::test_approval_transition_matrix_is_exhaustive[approved-expired] PASSED [ 65%]
packages/contracts/python/tests/test_approval_protocol.py::test_approval_transition_matrix_is_exhaustive[approved-consumed] PASSED [ 65%]
packages/contracts/python/tests/test_approval_protocol.py::test_approval_transition_matrix_is_exhaustive[rejected-pending] PASSED [ 65%]
packages/contracts/python/tests/test_approval_protocol.py::test_approval_transition_matrix_is_exhaustive[rejected-approved] PASSED [ 66%]
packages/contracts/python/tests/test_approval_protocol.py::test_approval_transition_matrix_is_exhaustive[rejected-rejected] PASSED [ 66%]
packages/contracts/python/tests/test_approval_protocol.py::test_approval_transition_matrix_is_exhaustive[rejected-expired] PASSED [ 66%]
packages/contracts/python/tests/test_approval_protocol.py::test_approval_transition_matrix_is_exhaustive[rejected-consumed] PASSED [ 67%]
packages/contracts/python/tests/test_approval_protocol.py::test_approval_transition_matrix_is_exhaustive[expired-pending] PASSED [ 67%]
packages/contracts/python/tests/test_approval_protocol.py::test_approval_transition_matrix_is_exhaustive[expired-approved] PASSED [ 68%]
packages/contracts/python/tests/test_approval_protocol.py::test_approval_transition_matrix_is_exhaustive[expired-rejected] PASSED [ 68%]
packages/contracts/python/tests/test_approval_protocol.py::test_approval_transition_matrix_is_exhaustive[expired-expired] PASSED [ 68%]
packages/contracts/python/tests/test_approval_protocol.py::test_approval_transition_matrix_is_exhaustive[expired-consumed] PASSED [ 69%]
packages/contracts/python/tests/test_approval_protocol.py::test_approval_transition_matrix_is_exhaustive[consumed-pending] PASSED [ 69%]
packages/contracts/python/tests/test_approval_protocol.py::test_approval_transition_matrix_is_exhaustive[consumed-approved] PASSED [ 70%]
packages/contracts/python/tests/test_approval_protocol.py::test_approval_transition_matrix_is_exhaustive[consumed-rejected] PASSED [ 70%]
packages/contracts/python/tests/test_approval_protocol.py::test_approval_transition_matrix_is_exhaustive[consumed-expired] PASSED [ 70%]
packages/contracts/python/tests/test_approval_protocol.py::test_approval_transition_matrix_is_exhaustive[consumed-consumed] PASSED [ 71%]
packages/contracts/python/tests/test_approval_protocol.py::test_canonical_arguments_hash_is_order_independent_for_json_objects PASSED [ 71%]
packages/contracts/python/tests/test_approval_protocol.py::test_tool_grant_effects_are_closed_and_side_effect_free[allow-ToolAllowed] PASSED [ 71%]
packages/contracts/python/tests/test_approval_protocol.py::test_tool_grant_effects_are_closed_and_side_effect_free[ask-ToolApprovalRequired] PASSED [ 72%]
packages/contracts/python/tests/test_approval_protocol.py::test_tool_grant_effects_are_closed_and_side_effect_free[deny-ToolDenied] PASSED [ 72%]
packages/contracts/python/tests/test_approval_protocol.py::test_approval_digest_rejects_every_bound_field_mutation[org_id-value0] PASSED [ 73%]
packages/contracts/python/tests/test_approval_protocol.py::test_approval_digest_rejects_every_bound_field_mutation[project_id-value1] PASSED [ 73%]
packages/contracts/python/tests/test_approval_protocol.py::test_approval_digest_rejects_every_bound_field_mutation[run_id-value2] PASSED [ 73%]
packages/contracts/python/tests/test_approval_protocol.py::test_approval_digest_rejects_every_bound_field_mutation[requester_id-value3] PASSED [ 74%]
packages/contracts/python/tests/test_approval_protocol.py::test_approval_digest_rejects_every_bound_field_mutation[action_plan_id-value4] PASSED [ 74%]
packages/contracts/python/tests/test_approval_protocol.py::test_approval_digest_rejects_every_bound_field_mutation[plan_digest-eeeeeeeeeeeeeeeeeeeeeeeeeeeeeeeeeeeeeeeeeeeeeeeeeeeeeeeeeeeeeeee] PASSED [ 75%]
packages/contracts/python/tests/test_approval_protocol.py::test_approval_digest_rejects_every_bound_field_mutation[tool-python.execute] PASSED [ 75%]
packages/contracts/python/tests/test_approval_protocol.py::test_approval_digest_rejects_every_bound_field_mutation[arguments_hash-ffffffffffffffffffffffffffffffffffffffffffffffffffffffffffffffff] PASSED [ 75%]
packages/contracts/python/tests/test_approval_protocol.py::test_approval_digest_rejects_every_bound_field_mutation[network_scope-value8] PASSED [ 76%]
packages/contracts/python/tests/test_approval_protocol.py::test_approval_digest_rejects_every_bound_field_mutation[secret_scope-value9] PASSED [ 76%]
packages/contracts/python/tests/test_approval_protocol.py::test_approval_digest_rejects_every_bound_field_mutation[expires_at-value10] PASSED [ 76%]
packages/contracts/python/tests/test_approval_protocol.py::test_approval_replay_and_expiry_are_rejected PASSED [ 77%]
packages/contracts/python/tests/test_approval_protocol.py::test_approval_digest_mutation_is_rejected PASSED [ 77%]
packages/contracts/python/tests/test_approval_protocol.py::test_cross_tenant_actor_cannot_approve PASSED [ 78%]
packages/contracts/python/tests/test_approval_protocol.py::test_owner_may_reject_but_never_approve_another_requester PASSED [ 78%]
packages/contracts/python/tests/test_approval_protocol.py::test_action_plan_and_approval_are_frozen_and_digest_verified PASSED [ 78%]
packages/contracts/python/tests/test_approval_security_protocol.py::test_cross_project_self_digested_plan_and_stale_cas_are_rejected PASSED [ 79%]
packages/contracts/python/tests/test_approval_security_protocol.py::test_distinct_approval_ids_cannot_consume_one_binding_twice PASSED [ 79%]
packages/contracts/python/tests/test_approval_security_protocol.py::test_approval_store_rejects_duplicate_record_ids PASSED [ 80%]
packages/contracts/python/tests/test_approval_security_protocol.py::test_tool_grant_rejects_cross_context[org_id-value0] PASSED [ 80%]
packages/contracts/python/tests/test_approval_security_protocol.py::test_tool_grant_rejects_cross_context[project_id-value1] PASSED [ 80%]
packages/contracts/python/tests/test_approval_security_protocol.py::test_tool_grant_rejects_cross_context[run_id-value2] PASSED [ 81%]
packages/contracts/python/tests/test_approval_security_protocol.py::test_tool_grant_rejects_cross_context[requester_id-value3] PASSED [ 81%]
packages/contracts/python/tests/test_sse_runtime_protocol.py::test_shared_runtime_fixture_round_trips_through_pydantic PASSED [ 81%]
packages/contracts/python/tests/test_sse_runtime_protocol.py::test_transactional_transitions_append_strictly_monotonic_events PASSED [ 82%]
packages/contracts/python/tests/test_sse_runtime_protocol.py::test_event_window_accepts_every_increasing_sequence_prefix[1] PASSED [ 82%]
packages/contracts/python/tests/test_sse_runtime_protocol.py::test_event_window_accepts_every_increasing_sequence_prefix[2] PASSED [ 83%]
packages/contracts/python/tests/test_sse_runtime_protocol.py::test_event_window_accepts_every_increasing_sequence_prefix[3] PASSED [ 83%]
packages/contracts/python/tests/test_sse_runtime_protocol.py::test_event_window_accepts_every_increasing_sequence_prefix[4] PASSED [ 83%]
packages/contracts/python/tests/test_sse_runtime_protocol.py::test_event_window_accepts_every_increasing_sequence_prefix[5] PASSED [ 84%]
packages/contracts/python/tests/test_sse_runtime_protocol.py::test_event_window_accepts_every_increasing_sequence_prefix[6] PASSED [ 84%]
packages/contracts/python/tests/test_sse_runtime_protocol.py::test_event_window_accepts_every_increasing_sequence_prefix[7] PASSED [ 85%]
packages/contracts/python/tests/test_sse_runtime_protocol.py::test_event_window_accepts_every_increasing_sequence_prefix[8] PASSED [ 85%]
packages/contracts/python/tests/test_sse_runtime_protocol.py::test_event_window_accepts_every_increasing_sequence_prefix[9] PASSED [ 85%]
packages/contracts/python/tests/test_sse_runtime_protocol.py::test_event_window_accepts_every_increasing_sequence_prefix[10] PASSED [ 86%]
packages/contracts/python/tests/test_sse_runtime_protocol.py::test_event_window_accepts_every_increasing_sequence_prefix[11] PASSED [ 86%]
packages/contracts/python/tests/test_sse_runtime_protocol.py::test_event_window_accepts_every_increasing_sequence_prefix[12] PASSED [ 86%]
packages/contracts/python/tests/test_sse_runtime_protocol.py::test_event_window_accepts_every_increasing_sequence_prefix[13] PASSED [ 87%]
packages/contracts/python/tests/test_sse_runtime_protocol.py::test_event_window_accepts_every_increasing_sequence_prefix[14] PASSED [ 87%]
packages/contracts/python/tests/test_sse_runtime_protocol.py::test_event_window_accepts_every_increasing_sequence_prefix[15] PASSED [ 88%]
packages/contracts/python/tests/test_sse_runtime_protocol.py::test_event_window_accepts_every_increasing_sequence_prefix[16] PASSED [ 88%]
packages/contracts/python/tests/test_sse_runtime_protocol.py::test_event_window_accepts_every_increasing_sequence_prefix[17] PASSED [ 88%]
packages/contracts/python/tests/test_sse_runtime_protocol.py::test_event_window_accepts_every_increasing_sequence_prefix[18] PASSED [ 89%]
packages/contracts/python/tests/test_sse_runtime_protocol.py::test_event_window_accepts_every_increasing_sequence_prefix[19] PASSED [ 89%]
packages/contracts/python/tests/test_sse_runtime_protocol.py::test_event_window_accepts_every_increasing_sequence_prefix[20] PASSED [ 90%]
packages/contracts/python/tests/test_sse_runtime_protocol.py::test_event_window_accepts_every_increasing_sequence_prefix[21] PASSED [ 90%]
packages/contracts/python/tests/test_sse_runtime_protocol.py::test_event_window_accepts_every_increasing_sequence_prefix[22] PASSED [ 90%]
packages/contracts/python/tests/test_sse_runtime_protocol.py::test_event_window_accepts_every_increasing_sequence_prefix[23] PASSED [ 91%]
packages/contracts/python/tests/test_sse_runtime_protocol.py::test_event_window_accepts_every_increasing_sequence_prefix[24] PASSED [ 91%]
packages/contracts/python/tests/test_sse_runtime_protocol.py::test_event_window_accepts_every_increasing_sequence_prefix[25] PASSED [ 91%]
packages/contracts/python/tests/test_sse_runtime_protocol.py::test_event_window_accepts_every_increasing_sequence_prefix[26] PASSED [ 92%]
packages/contracts/python/tests/test_sse_runtime_protocol.py::test_event_window_accepts_every_increasing_sequence_prefix[27] PASSED [ 92%]
packages/contracts/python/tests/test_sse_runtime_protocol.py::test_event_window_accepts_every_increasing_sequence_prefix[28] PASSED [ 93%]
packages/contracts/python/tests/test_sse_runtime_protocol.py::test_event_window_accepts_every_increasing_sequence_prefix[29] PASSED [ 93%]
packages/contracts/python/tests/test_sse_runtime_protocol.py::test_event_window_accepts_every_increasing_sequence_prefix[30] PASSED [ 93%]
packages/contracts/python/tests/test_sse_runtime_protocol.py::test_event_window_accepts_every_increasing_sequence_prefix[31] PASSED [ 94%]
packages/contracts/python/tests/test_sse_runtime_protocol.py::test_event_window_accepts_every_increasing_sequence_prefix[32] PASSED [ 94%]
packages/contracts/python/tests/test_sse_runtime_protocol.py::test_event_window_rejects_illegal_ordering[sequences0] PASSED [ 95%]
packages/contracts/python/tests/test_sse_runtime_protocol.py::test_event_window_rejects_illegal_ordering[sequences1] PASSED [ 95%]
packages/contracts/python/tests/test_sse_runtime_protocol.py::test_event_window_rejects_illegal_ordering[sequences2] PASSED [ 95%]
packages/contracts/python/tests/test_sse_runtime_protocol.py::test_last_event_id_replays_strictly_after_cursor[0-expected0] PASSED [ 96%]
packages/contracts/python/tests/test_sse_runtime_protocol.py::test_last_event_id_replays_strictly_after_cursor[1-expected1] PASSED [ 96%]
packages/contracts/python/tests/test_sse_runtime_protocol.py::test_last_event_id_replays_strictly_after_cursor[2-expected2] PASSED [ 96%]
packages/contracts/python/tests/test_sse_runtime_protocol.py::test_expired_replay_returns_410_get_run_recovery PASSED [ 97%]
packages/contracts/python/tests/test_sse_runtime_protocol.py::test_provider_errors_normalize_to_stable_neutral_events[quota-RuntimeQuota-None] PASSED [ 97%]
packages/contracts/python/tests/test_sse_runtime_protocol.py::test_provider_errors_normalize_to_stable_neutral_events[reauth_required-RuntimeReauthentication-None] PASSED [ 98%]
packages/contracts/python/tests/test_sse_runtime_protocol.py::test_provider_errors_normalize_to_stable_neutral_events[cancelled-RuntimeTerminal-cancelled] PASSED [ 98%]
packages/contracts/python/tests/test_sse_runtime_protocol.py::test_provider_errors_normalize_to_stable_neutral_events[unavailable-RuntimeTerminal-unavailable] PASSED [ 98%]
packages/contracts/python/tests/test_sse_runtime_protocol.py::test_provider_errors_normalize_to_stable_neutral_events[failed-RuntimeTerminal-failed] PASSED [ 99%]
packages/contracts/python/tests/test_sse_runtime_protocol.py::test_action_proposal_hash_mutation_fails_before_application_execution PASSED [ 99%]
packages/contracts/python/tests/test_sse_runtime_protocol.py::test_runtime_adapter_has_no_tool_execution_capability_or_monetary_fields PASSED [100%]

============================= 260 passed in 0.20s ==============================

[1m[30m[46m RUN [49m[39m[22m [36mv4.1.9 [39m[90m/Users/hyunjun/Documents/MUNI/science-workbench[39m

 [32m✓[39m packages/contracts/tests/protocols.test.ts [2m([22m[2m12 tests[22m[2m)[22m[32m 7[2mms[22m[39m

[2m Test Files [22m [1m[32m1 passed[39m[22m[90m (1)[39m
[2m      Tests [22m [1m[32m12 passed[39m[22m[90m (12)[39m
[2m   Start at [22m 17:50:57
[2m   Duration [22m 185ms[2m (transform 68ms, setup 0ms, import 114ms, tests 7ms, environment 0ms)[22m

All checks passed!
0 errors, 0 warnings, 0 notes
Checked 11 files in 5ms. No fixes applied.
$ tsc -p packages/contracts/tsconfig.json
