============================= test session starts ==============================
platform darwin -- Python 3.12.13, pytest-9.1.1, pluggy-1.6.0 -- /Users/hyunjun/nipo-gjc/.venv/bin/python3
cachedir: .pytest_cache
rootdir: /Users/hyunjun/nipo-gjc
configfile: pyproject.toml
plugins: anyio-4.14.1
collecting ... collected 12 items

apps/local/tests/test_api.py::test_product_export_pack_contains_required_members_via_http PASSED [  8%]
apps/local/tests/test_api.py::test_a_capability_downloads_the_pack_bytes_exactly_once PASSED [ 16%]
apps/local/tests/test_api.py::test_a_version_this_run_did_not_publish_is_refused PASSED [ 25%]
apps/local/tests/test_api.py::test_the_export_directory_and_its_packs_are_owner_only PASSED [ 33%]
apps/local/tests/test_api.py::test_the_export_routes_require_the_session_credential PASSED [ 41%]
apps/local/tests/test_api.py::test_a_pack_verifies_from_its_own_bytes_and_carries_no_credential PASSED [ 50%]
apps/local/tests/test_api.py::test_an_export_that_does_not_pin_versions_is_refused[body0-expected0] PASSED [ 58%]
apps/local/tests/test_api.py::test_an_export_that_does_not_pin_versions_is_refused[body1-expected1] PASSED [ 66%]
apps/local/tests/test_api.py::test_an_export_that_does_not_pin_versions_is_refused[body2-expected2] PASSED [ 75%]
apps/local/tests/test_api.py::test_an_export_that_does_not_pin_versions_is_refused[body3-expected3] PASSED [ 83%]
apps/local/tests/test_api.py::test_a_repeated_version_is_refused_rather_than_collapsed PASSED [ 91%]
apps/local/tests/test_api.py::test_an_unsorted_selection_produces_the_canonical_sorted_manifest PASSED [100%]

============================== 12 passed in 0.68s ==============================
