$ .venv/bin/python -m unittest tests.test_openapi_contract -v
test_accepts_complete_openapi_contract (tests.test_openapi_contract.OpenApiAcceptanceTests.test_accepts_complete_openapi_contract) ... FAIL
test_rejects_cross_tenant_403_drift (tests.test_openapi_contract.OpenApiAcceptanceTests.test_rejects_cross_tenant_403_drift) ... FAIL

======================================================================
FAIL: test_accepts_complete_openapi_contract (tests.test_openapi_contract.OpenApiAcceptanceTests.test_accepts_complete_openapi_contract)
----------------------------------------------------------------------
Traceback (most recent call last):
  File "/Users/hyunjun/Documents/MUNI/science-workbench/tests/test_openapi_contract.py", line 27, in test_accepts_complete_openapi_contract
    self.assertTrue(OPENAPI.is_file(), "OpenAPI contract is not implemented")
AssertionError: False is not true : OpenAPI contract is not implemented

======================================================================
FAIL: test_rejects_cross_tenant_403_drift (tests.test_openapi_contract.OpenApiAcceptanceTests.test_rejects_cross_tenant_403_drift)
----------------------------------------------------------------------
Traceback (most recent call last):
  File "/Users/hyunjun/Documents/MUNI/science-workbench/tests/test_openapi_contract.py", line 38, in test_rejects_cross_tenant_403_drift
    self.assertTrue(OPENAPI.is_file(), "OpenAPI contract is not implemented")
AssertionError: False is not true : OpenAPI contract is not implemented

----------------------------------------------------------------------
Ran 2 tests in 0.001s

FAILED (failures=2)
exit_code=1
