TASK=12 deterministic scientific normalization and dry-lab primitives
RESULT=PASS
DATE=2026-07-13
TEST_SCIENCE=24 passed; Ruff passed; basedpyright 0 errors, 0 warnings; default pytest configuration imports packages/science
FULL_NON_DOCKER=645 passed, 217 subtests passed; one product RLS test excluded because the Docker daemon is unavailable
ARTIFACT_CONTRACTS=60 Python passed; 57 TypeScript passed
ARTIFACT_REGRESSION=33 passed
NORMALIZATION=table, spectrum, RGB image, and report retain explicit units, calibration checksum, missingness, and immutable UUIDv7 lineage
NUMERIC_GOLDEN=baseline (10,10.5,11,11.5,12); corrected (0,1.5,19,2.5,0); peak 500nm prominence 16.5; table missingness (0,0.333333); image region bounds (1,1,2,1)
PLOT_GOLDEN=640x360 RGB PNG; 4829 bytes; sha256 6804068e27501bab92984bbc2f9b12b1ac5d74614ab3745b7e7ee71d650e9963; fixed labels and 500nm peak
HYPOTHESIS_GOLDEN=molecular,optical,experimental_artifact fixed order; non_diagnostic; CSV sha256 d1bf965a140d71134652b911a482d47e5d3022f6f472c77cd0e9e5bca56f927e
EVIDENCE_GOLDEN=three canonical branch records hash normalized support payload, calibration timestamp/checksum, hypothesis, and sorted source Version IDs
FAILURE_STATES=units/calibration/lineage gaps and missing spectrum values return insufficient_data; nonfinite, unrepresentable derived arithmetic, malformed shapes, and invalid Unicode report scalars return invalid_data; no exception, hidden imputation, or diagnostic verdict
UNIT_SEMANTICS=declared UCUM wavelength code drives both molecular observation and PNG axis/peak labels; nm and um manually verified
EVIDENCE_CANONICALIZATION=source Version IDs and normalized support lineage are both canonicalized, so lineage order does not change evidence hashes
NONFINITE_EVIDENCE=NaN, Infinity, and -Infinity retain distinct canonical support hashes instead of collapsing to JSON null
PLOT_RANGE=finite plus/minus 1e308 corrected values render through scaled relative coordinates without overflow
BOUNDS=100000 table rows; 1024 columns; 1000000 spectrum points; 50MP image; 1000000 report characters
MANUAL=public analyze_probe happy valid; branches 3; peak/region/table+spectral missingness observed; extreme finite spectrum/table and invalid Unicode return invalid_data; lineage-order evidence is identical; second run byte-identical
DEBUG_H1=finite arithmetic overflow is fenced: extreme spectrum and table both returned invalid_data with no plot or exception
DEBUG_H2=unpaired report surrogate is fenced before serialization: invalid_data with empty normalized text and stable issue
DEBUG_H3=unit and lineage semantics are canonical: um claim/plot agree and reversed lineage yields identical evidence
DEBUG_H4=second review attacks pass: extreme plot valid, wavelength s insufficient_data, three nonfinite hashes distinct, surrogate metadata bounded
VISUAL_QA=PASS; nm and um plot axes, corrected signal, peak marker, wavelength labels, and peak annotations legible at original 640x360
CI=NOT_REGENERATED_CURRENT; Docker API unavailable after source changes; historical 19-job aggregate 760ee2ca921b0f2fa7c4015b1768fcdf15500cdf4b98aa0fb64db6ce8d379c66 is retained but not claimed current
BOUNDARY=401 current files; historical sealed CI run checked 357 files
SECRET_SCAN=291 historical checks; current Task 12/13 static scopes pass locally
SBOM=192 historical locked-package checks
NO_EXCUSE=0 violations in 14 Task 12 source/test files
PURE_LOC_MAX=193 packages/science/science_workbench_science/normalization.py
CLEANUP=task containers:0 networks:0 volumes:0; temporary nm/um visual artifacts only under /tmp
SIBLING_STATUS_BASELINE_SHA256=b4c0f2c111d3b0c8be74940041dbcd320ecbe198cfe72a0f26e047595f94b8e3
SIBLING_STATUS_FINAL_SHA256=32b2ea2641a2031ef1586339e43b7abd2c583f3ed1c6ee82217798a1b57b9555
SIBLING_SCOPE=external drift observed in drylab/ontologylab; no Task 12 write and boundary checker PASS
