TASK=13 test-principal Artifact library and isolated preview slice
PHASE=RED
DATE=2026-07-13
SERVICE_RED_COMMAND=.venv/bin/pytest tests/artifact_ui tests/g003/test_ui_contract.py -q
SERVICE_RED_EXIT=2
SERVICE_RED_FAILURE=product_artifacts module missing during collection
UI_RED_COMMAND=.venv/bin/pytest tests/artifact_ui/test_ui_contract.py -q
UI_RED_EXIT=1
UI_RED_FAILURE=Artifact version diff, lineage, association, isolated iframe, and safe download contracts absent
CI_RED_COMMAND=.venv/bin/pytest tests/platform/test_ci_runner.py -q
CI_RED_EXIT=2
CI_RED_FAILURE=G004 Artifact UI static scope and artifact-ui CI job absent
REMEDIATION_RED_COMMAND=.venv/bin/pytest tests/artifact_ui -q
REMEDIATION_RED_EXIT=1
REMEDIATION_RED_RESULT=9 failed, 6 passed
REMEDIATION_RED_FAILURE=library route, explicit Version selection, Version-level attach/detach, bounded Version creation, strict Host authority, immutable input bytes, active-content rejection, exact download routing, and valid passive PDF fixture were not yet implemented
PDF_ESCAPE_RED_COMMAND=.venv/bin/pytest tests/artifact_ui/test_product_artifacts.py::test_pdf_name_hex_escapes_cannot_hide_active_actions -q
PDF_ESCAPE_RED_EXIT=1
PDF_ESCAPE_RED_RESULT=1 failed
PDF_ESCAPE_RED_FAILURE=PDF Name hex escapes hid OpenAction and JavaScript from raw substring validation
SECURITY_REVIEW_RED_COMMAND=.venv/bin/pytest tests/artifact_ui/test_product_artifacts.py::test_malicious_name_or_active_bytes_are_rejected tests/artifact_ui/test_product_artifacts.py::test_pdf_interactive_structures_cannot_hide_active_content tests/artifact_ui/test_artifact_http_security.py::test_preview_authority_and_artifact_routes_are_exact -q
SECURITY_REVIEW_RED_EXIT=1
SECURITY_REVIEW_RED_RESULT=5 failed, 5 passed
SECURITY_REVIEW_RED_FAILURE=truncated PNG, spreadsheet formula CSV, URI annotation PDF, XFA PDF, preview Host aliases, and non-canonical Artifact route aliases were accepted
