TASK=11 immutable Artifact Versions, CAS, lineage, Output Watcher, downloads
RESULT=PASS
TEST_ARTIFACTS=33 passed
FULL_PYTEST=532 passed, 217 subtests passed
ARTIFACT_CONTRACTS=60 Python passed; 57 TypeScript passed
MIGRATIONS=15 passed
RLS=33 passed
STATIC=Ruff PASS; basedpyright 0 errors/0 warnings; no-excuse 0 violations in 24 files
PURE_LOC_MAX=248 services/api/tests/persistence/test_artifact_persistence.py
IDENTITY=server-generated UUIDv7
VERSIONS=monotonic V1 to V2; immutable records and bytes; PostgreSQL Project+Artifact row locks serialize CAS; canonical lineage order makes ambiguous commit reconciliation stable by server Version ID
STORAGE=owner-private SHA-256 blobs; fsync-before-atomic-publication; exact tenant/Project content addresses; metadata/filesystem/compensation failures normalized for reconciliation; checksum reverified on read
LINEAGE=exact immutable input Version IDs; cross-tenant, cross-Project, duplicate, UPDATE, and DELETE rejected
WATCHER=trusted execution/requester/runtime-adapter/runtime-connection binding in service and DB; fenced exclusive claim; successful or uncertain commit cannot replay
SESSIONS=active-Project/active-Session same-Project links; archive blocks new Version provenance and links; concurrent duplicate attach yields one stable association
DOWNLOAD=canonical unpadded HMAC claims; exact millisecond expiry; 1ms minimum is not shortened and independent floor-capped maximum never exceeds 10m; redemption locks archive check through blob read
DEBUG_AUDIT=H1 clean PostgreSQL public-service V1/V2/restart/lineage/link/download/archive driver PASS; H2 concurrent CAS/association and requester/watcher/runtime forgery/replay PASS; H3 corruption/tamper/expiry/archive TOCTOU/ambiguous-commit/fsync+metadata+compensation failures PASS
CI=18 jobs / 515 executed / aggregate 96fe22a102cc1dbd415e8fbbdd698d88dbaa5e1b2c01f41c618935840473286a
BOUNDARY=PASS (336 final files checked; sealed CI run checked 320)
SECRET_SCAN=PASS (258 checks executed)
SBOM=PASS (192 locked packages checked)
CLEANUP=containers:0 networks:0 volumes:0
