test_accepts_files_confined_to_target_when_project_is_clean (test_boundaries.BoundaryCheckerTests.test_accepts_files_confined_to_target_when_project_is_clean) ... ok
test_accepts_known_in_root_write_destinations (test_boundaries.BoundaryCheckerTests.test_accepts_known_in_root_write_destinations) ... ok
test_ignores_generated_cache_when_file_contains_sibling_import (test_boundaries.BoundaryCheckerTests.test_ignores_generated_cache_when_file_contains_sibling_import) ... ok
test_node_absolute_write_respects_actual_target_root (test_boundaries.BoundaryCheckerTests.test_node_absolute_write_respects_actual_target_root) ... ok
test_rejects_build_input_when_docker_copy_escapes_root (test_boundaries.BoundaryCheckerTests.test_rejects_build_input_when_docker_copy_escapes_root) ... ok
test_rejects_dynamic_path_variable_when_write_text_escapes (test_boundaries.BoundaryCheckerTests.test_rejects_dynamic_path_variable_when_write_text_escapes) ... ok
test_rejects_escaping_write_before_safe_reassignment (test_boundaries.BoundaryCheckerTests.test_rejects_escaping_write_before_safe_reassignment) ... ok
test_rejects_final_adversarial_bypass_cases (test_boundaries.BoundaryCheckerTests.test_rejects_final_adversarial_bypass_cases) ... ok
test_rejects_joinpath_resolve_when_write_bytes_escapes (test_boundaries.BoundaryCheckerTests.test_rejects_joinpath_resolve_when_write_bytes_escapes) ... ok
test_rejects_open_when_dynamic_path_variable_escapes (test_boundaries.BoundaryCheckerTests.test_rejects_open_when_dynamic_path_variable_escapes) ... ok
test_rejects_parents_index_when_resolved_file_path_escapes (test_boundaries.BoundaryCheckerTests.test_rejects_parents_index_when_resolved_file_path_escapes) ... ok
test_rejects_path_dependency_when_manifest_uses_ontologylab (test_boundaries.BoundaryCheckerTests.test_rejects_path_dependency_when_manifest_uses_ontologylab) ... ok
test_rejects_path_move_sinks_when_destination_is_a_sibling (test_boundaries.BoundaryCheckerTests.test_rejects_path_move_sinks_when_destination_is_a_sibling) ... ok
test_rejects_python_move_and_copy_sinks_to_a_sibling (test_boundaries.BoundaryCheckerTests.test_rejects_python_move_and_copy_sinks_to_a_sibling) ... ok
test_rejects_shell_variable_redirect_when_generic_path_escapes (test_boundaries.BoundaryCheckerTests.test_rejects_shell_variable_redirect_when_generic_path_escapes) ... ok
test_rejects_shell_variable_redirect_when_sibling_path_escapes (test_boundaries.BoundaryCheckerTests.test_rejects_shell_variable_redirect_when_sibling_path_escapes) ... ok
test_rejects_sibling_import_when_source_imports_drylab (test_boundaries.BoundaryCheckerTests.test_rejects_sibling_import_when_source_imports_drylab) ... ok
test_rejects_symlink_when_target_escapes_root (test_boundaries.BoundaryCheckerTests.test_rejects_symlink_when_target_escapes_root) ... ok
test_rejects_unresolved_parents_index_that_can_escape (test_boundaries.BoundaryCheckerTests.test_rejects_unresolved_parents_index_that_can_escape) ... ok
test_rejects_workspace_reference_when_workspace_escapes_root (test_boundaries.BoundaryCheckerTests.test_rejects_workspace_reference_when_workspace_escapes_root) ... ok
test_rejects_write_path_when_python_targets_ontologylab (test_boundaries.BoundaryCheckerTests.test_rejects_write_path_when_python_targets_ontologylab) ... ok
test_rejects_write_path_when_script_targets_drylab (test_boundaries.BoundaryCheckerTests.test_rejects_write_path_when_script_targets_drylab) ... ok

----------------------------------------------------------------------
Ran 22 tests in 6.737s

OK
boundary-check: PASS (330 files checked)
